127.0.0.1 - - [17/Mar/2025:09:29:28 +0900] "GET / HTTP/1.1" 404 808
0:0:0:0:0:0:0:1 - - [17/Mar/2025:09:29:29 +0900] "GET /jsp_250312/chapter10A/useBean.jsp HTTP/1.1" 200 147
127.0.0.1 - - [17/Mar/2025:09:54:08 +0900] "GET / HTTP/1.1" 404 808
0:0:0:0:0:0:0:1 - - [17/Mar/2025:09:54:08 +0900] "GET /jsp_250312/chapter10A/circle.html HTTP/1.1" 200 282
127.0.0.1 - - [17/Mar/2025:10:07:28 +0900] "GET / HTTP/1.1" 404 808
0:0:0:0:0:0:0:1 - - [17/Mar/2025:10:07:29 +0900] "GET /jsp_250312/chapter10A/circle.html HTTP/1.1" 200 351
127.0.0.1 - - [17/Mar/2025:10:29:15 +0900] "GET / HTTP/1.1" 404 808
0:0:0:0:0:0:0:1 - - [17/Mar/2025:10:29:16 +0900] "GET /jsp_250312/chapter10A/circle.html HTTP/1.1" 304 -
127.0.0.1 - - [17/Mar/2025:10:50:46 +0900] "GET / HTTP/1.1" 404 808
0:0:0:0:0:0:0:1 - - [17/Mar/2025:10:50:46 +0900] "GET /jsp_250312/WEB-INF/classes/question/Arithmetic.java HTTP/1.1" 404 722
127.0.0.1 - - [17/Mar/2025:11:01:01 +0900] "GET / HTTP/1.1" 404 808
0:0:0:0:0:0:0:1 - - [17/Mar/2025:11:01:02 +0900] "GET /jsp_250312/chapter10A/divAndRemains.html HTTP/1.1" 200 390
0:0:0:0:0:0:0:1 - - [17/Mar/2025:11:06:55 +0900] "GET /jsp_250312/chapter10A/arithmetic.html HTTP/1.1" 200 503
0:0:0:0:0:0:0:1 - - [17/Mar/2025:11:08:28 +0900] "GET /jsp_250312/chapter10A/circle.html HTTP/1.1" 200 351
0:0:0:0:0:0:0:1 - - [17/Mar/2025:11:08:31 +0900] "POST /jsp_250312/chapter10A/circleForm.jsp HTTP/1.1" 500 1774
127.0.0.1 - - [17/Mar/2025:11:39:24 +0900] "GET / HTTP/1.1" 404 808
0:0:0:0:0:0:0:1 - - [17/Mar/2025:11:39:24 +0900] "GET /jsp_250312/WEB-INF/classes/question/ThreeSixNine.java HTTP/1.1" 404 722
0:0:0:0:0:0:0:1 - - [17/Mar/2025:11:39:41 +0900] "GET /jsp_250312/chapter10A/threeSixNine.html HTTP/1.1" 200 310
0:0:0:0:0:0:0:1 - - [17/Mar/2025:11:39:45 +0900] "POST /jsp_250312/chapter10A/threeSixNineForm.jsp HTTP/1.1" 500 3577
0:0:0:0:0:0:0:1 - - [17/Mar/2025:11:40:15 +0900] "POST /jsp_250312/chapter10A/threeSixNineForm.jsp HTTP/1.1" 500 1798
0:0:0:0:0:0:0:1 - - [17/Mar/2025:11:41:01 +0900] "GET /jsp_250312/chapter10A/divAndRemains.html HTTP/1.1" 200 392
0:0:0:0:0:0:0:1 - - [17/Mar/2025:11:41:04 +0900] "POST /jsp_250312/chapter10A/divAndRemainsForm.jsp HTTP/1.1" 200 531
0:0:0:0:0:0:0:1 - - [17/Mar/2025:11:41:40 +0900] "POST /jsp_250312/chapter10A/divAndRemainsForm.jsp HTTP/1.1" 200 531
127.0.0.1 - - [17/Mar/2025:11:43:26 +0900] "GET / HTTP/1.1" 404 808
0:0:0:0:0:0:0:1 - - [17/Mar/2025:11:43:26 +0900] "GET /jsp_250312/chapter10A/circle.html HTTP/1.1" 304 -
0:0:0:0:0:0:0:1 - - [17/Mar/2025:11:43:29 +0900] "POST /jsp_250312/chapter10A/circleForm.jsp HTTP/1.1" 500 1774
127.0.0.1 - - [17/Mar/2025:11:44:11 +0900] "GET / HTTP/1.1" 404 808
0:0:0:0:0:0:0:1 - - [17/Mar/2025:11:44:14 +0900] "POST /jsp_250312/chapter10A/circleForm.jsp HTTP/1.1" 500 1774
127.0.0.1 - - [17/Mar/2025:11:51:02 +0900] "GET / HTTP/1.1" 404 808
0:0:0:0:0:0:0:1 - - [17/Mar/2025:11:51:02 +0900] "GET /jsp_250312/chapter10A/asterisk.html HTTP/1.1" 200 299
0:0:0:0:0:0:0:1 - - [17/Mar/2025:11:51:06 +0900] "POST /jsp_250312/chapter10A/asteriskForm.jsp HTTP/1.1" 200 79
127.0.0.1 - - [17/Mar/2025:11:51:34 +0900] "GET / HTTP/1.1" 404 808
0:0:0:0:0:0:0:1 - - [17/Mar/2025:11:51:38 +0900] "POST /jsp_250312/chapter10A/asteriskForm.jsp HTTP/1.1" 200 79
127.0.0.1 - - [17/Mar/2025:11:52:56 +0900] "GET / HTTP/1.1" 404 808
0:0:0:0:0:0:0:1 - - [17/Mar/2025:11:52:57 +0900] "GET /jsp_250312/chapter10A/asterisk.html HTTP/1.1" 304 -
0:0:0:0:0:0:0:1 - - [17/Mar/2025:11:53:00 +0900] "POST /jsp_250312/chapter10A/asteriskForm.jsp HTTP/1.1" 200 79
0:0:0:0:0:0:0:1 - - [17/Mar/2025:11:53:19 +0900] "POST /jsp_250312/chapter10A/asteriskForm.jsp HTTP/1.1" 200 46
127.0.0.1 - - [17/Mar/2025:11:54:25 +0900] "GET / HTTP/1.1" 404 808
0:0:0:0:0:0:0:1 - - [17/Mar/2025:11:54:28 +0900] "POST /jsp_250312/chapter10A/asteriskForm.jsp HTTP/1.1" 200 64
127.0.0.1 - - [17/Mar/2025:11:57:02 +0900] "GET / HTTP/1.1" 404 808
0:0:0:0:0:0:0:1 - - [17/Mar/2025:11:57:02 +0900] "GET /jsp_250312/chapter10A/threeSixNine.html HTTP/1.1" 304 -
0:0:0:0:0:0:0:1 - - [17/Mar/2025:11:57:05 +0900] "POST /jsp_250312/chapter10A/threeSixNineForm.jsp HTTP/1.1" 500 1798
127.0.0.1 - - [17/Mar/2025:11:58:44 +0900] "GET / HTTP/1.1" 404 808
0:0:0:0:0:0:0:1 - - [17/Mar/2025:11:58:45 +0900] "GET /jsp_250312/WEB-INF/classes/question/ThreeSixNine.java HTTP/1.1" 404 722
0:0:0:0:0:0:0:1 - - [17/Mar/2025:11:58:52 +0900] "GET /jsp_250312/chapter10A/divAndRemains.html HTTP/1.1" 304 -
0:0:0:0:0:0:0:1 - - [17/Mar/2025:11:58:55 +0900] "POST /jsp_250312/chapter10A/divAndRemainsForm.jsp HTTP/1.1" 200 531
0:0:0:0:0:0:0:1 - - [17/Mar/2025:12:01:04 +0900] "GET /jsp_250312/chapter10A/circle.html HTTP/1.1" 304 -
0:0:0:0:0:0:0:1 - - [17/Mar/2025:12:01:11 +0900] "POST /jsp_250312/chapter10A/circleForm.jsp HTTP/1.1" 500 1774
127.0.0.1 - - [17/Mar/2025:12:03:32 +0900] "GET / HTTP/1.1" 404 808
0:0:0:0:0:0:0:1 - - [17/Mar/2025:12:03:36 +0900] "POST /jsp_250312/chapter10A/circleForm.jsp HTTP/1.1" 500 1774
127.0.0.1 - - [17/Mar/2025:12:04:44 +0900] "GET / HTTP/1.1" 404 808
0:0:0:0:0:0:0:1 - - [17/Mar/2025:12:04:48 +0900] "POST /jsp_250312/chapter10A/circleForm.jsp HTTP/1.1" 200 183
0:0:0:0:0:0:0:1 - - [17/Mar/2025:12:05:36 +0900] "GET /jsp_250312/chapter10A/divAndRemains.html HTTP/1.1" 304 -
0:0:0:0:0:0:0:1 - - [17/Mar/2025:12:05:40 +0900] "POST /jsp_250312/chapter10A/divAndRemainsForm.jsp HTTP/1.1" 200 531
0:0:0:0:0:0:0:1 - - [17/Mar/2025:12:07:00 +0900] "POST /jsp_250312/chapter10A/divAndRemainsForm.jsp HTTP/1.1" 200 531
0:0:0:0:0:0:0:1 - - [17/Mar/2025:12:10:21 +0900] "POST /jsp_250312/chapter10A/divAndRemainsForm.jsp HTTP/1.1" 200 531
127.0.0.1 - - [17/Mar/2025:12:11:46 +0900] "GET / HTTP/1.1" 404 808
0:0:0:0:0:0:0:1 - - [17/Mar/2025:12:11:50 +0900] "POST /jsp_250312/chapter10A/divAndRemainsForm.jsp HTTP/1.1" 200 531
127.0.0.1 - - [17/Mar/2025:12:14:12 +0900] "GET / HTTP/1.1" 404 808
0:0:0:0:0:0:0:1 - - [17/Mar/2025:12:14:12 +0900] "GET /jsp_250312/chapter10A/divAndRemains.html HTTP/1.1" 200 389
0:0:0:0:0:0:0:1 - - [17/Mar/2025:12:14:16 +0900] "POST /jsp_250312/chapter10A/divAndRemainsForm.jsp HTTP/1.1" 200 532
0:0:0:0:0:0:0:1 - - [17/Mar/2025:12:14:53 +0900] "GET /jsp_250312/chapter10A/asterisk.html HTTP/1.1" 304 -
0:0:0:0:0:0:0:1 - - [17/Mar/2025:12:14:57 +0900] "POST /jsp_250312/chapter10A/asteriskForm.jsp HTTP/1.1" 200 1748
0:0:0:0:0:0:0:1 - - [17/Mar/2025:12:15:13 +0900] "GET /jsp_250312/chapter10A/arithmetic.html HTTP/1.1" 200 503
0:0:0:0:0:0:0:1 - - [17/Mar/2025:12:15:20 +0900] "POST /jsp_250312/chapter10A/arithmeticForm.jsp HTTP/1.1" 200 411
0:0:0:0:0:0:0:1 - - [17/Mar/2025:12:16:37 +0900] "POST /jsp_250312/chapter10A/arithmeticForm.jsp HTTP/1.1" 200 411
127.0.0.1 - - [17/Mar/2025:12:19:01 +0900] "GET / HTTP/1.1" 404 808
0:0:0:0:0:0:0:1 - - [17/Mar/2025:12:19:07 +0900] "POST /jsp_250312/chapter10A/arithmeticForm.jsp HTTP/1.1" 200 431
0:0:0:0:0:0:0:1 - - [17/Mar/2025:12:19:32 +0900] "GET /jsp_250312/chapter10A/threeSixNine.html HTTP/1.1" 304 -
0:0:0:0:0:0:0:1 - - [17/Mar/2025:12:19:41 +0900] "POST /jsp_250312/chapter10A/threeSixNineForm.jsp HTTP/1.1" 500 1798
127.0.0.1 - - [17/Mar/2025:12:20:57 +0900] "GET / HTTP/1.1" 404 808
0:0:0:0:0:0:0:1 - - [17/Mar/2025:12:21:02 +0900] "POST /jsp_250312/chapter10A/threeSixNineForm.jsp HTTP/1.1" 200 104
127.0.0.1 - - [17/Mar/2025:12:43:16 +0900] "GET / HTTP/1.1" 404 808
0:0:0:0:0:0:0:1 - - [17/Mar/2025:12:43:17 +0900] "GET /jsp_250312/chapter10A/alphabet.html HTTP/1.1" 200 321
0:0:0:0:0:0:0:1 - - [17/Mar/2025:12:43:22 +0900] "POST /jsp_250312/chapter10A/alphabetForm.jsp HTTP/1.1" 500 2713
0:0:0:0:0:0:0:1 - - [17/Mar/2025:12:44:16 +0900] "POST /jsp_250312/chapter10A/alphabetForm.jsp HTTP/1.1" 500 1792
0:0:0:0:0:0:0:1 - - [17/Mar/2025:12:44:58 +0900] "POST /jsp_250312/chapter10A/alphabetForm.jsp HTTP/1.1" 500 1786
127.0.0.1 - - [17/Mar/2025:12:52:10 +0900] "GET / HTTP/1.1" 404 808
0:0:0:0:0:0:0:1 - - [17/Mar/2025:12:52:10 +0900] "GET /jsp_250312/chapter10A/alphabet.html HTTP/1.1" 304 -
0:0:0:0:0:0:0:1 - - [17/Mar/2025:12:52:12 +0900] "POST /jsp_250312/chapter10A/alphabetForm.jsp HTTP/1.1" 500 1786
0:0:0:0:0:0:0:1 - - [17/Mar/2025:12:53:16 +0900] "POST /jsp_250312/chapter10A/alphabetForm.jsp HTTP/1.1" 500 1786
0:0:0:0:0:0:0:1 - - [17/Mar/2025:12:53:28 +0900] "POST /jsp_250312/chapter10A/alphabetForm.jsp HTTP/1.1" 500 2509
0:0:0:0:0:0:0:1 - - [17/Mar/2025:12:55:20 +0900] "GET /jsp_250312/chapter10A/alphabet.html HTTP/1.1" 200 319
0:0:0:0:0:0:0:1 - - [17/Mar/2025:12:55:22 +0900] "POST /jsp_250312/chapter10A/alphabetForm.jsp HTTP/1.1" 200 61
127.0.0.1 - - [17/Mar/2025:14:06:10 +0900] "GET / HTTP/1.1" 404 808
0:0:0:0:0:0:0:1 - - [17/Mar/2025:14:06:10 +0900] "GET /jsp_250312/chapter10A/capital.html HTTP/1.1" 200 316
0:0:0:0:0:0:0:1 - - [17/Mar/2025:14:06:16 +0900] "POST /jsp_250312/chapter10A/capitalForm.jsp HTTP/1.1" 500 1782
127.0.0.1 - - [17/Mar/2025:14:07:12 +0900] "GET / HTTP/1.1" 404 808
0:0:0:0:0:0:0:1 - - [17/Mar/2025:14:07:18 +0900] "POST /jsp_250312/chapter10A/capitalForm.jsp HTTP/1.1" 500 1782
0:0:0:0:0:0:0:1 - - [17/Mar/2025:14:08:00 +0900] "POST /jsp_250312/chapter10A/capitalForm.jsp HTTP/1.1" 500 2503
127.0.0.1 - - [17/Mar/2025:14:14:09 +0900] "GET / HTTP/1.1" 404 808
0:0:0:0:0:0:0:1 - - [17/Mar/2025:14:14:09 +0900] "GET /jsp_250312/chapter10A/capital.html HTTP/1.1" 200 344
0:0:0:0:0:0:0:1 - - [17/Mar/2025:14:14:34 +0900] "POST /jsp_250312/chapter10A/capitalForm.jsp HTTP/1.1" 500 3533
0:0:0:0:0:0:0:1 - - [17/Mar/2025:14:14:38 +0900] "POST /jsp_250312/chapter10A/capitalForm.jsp HTTP/1.1" 500 3625
0:0:0:0:0:0:0:1 - - [17/Mar/2025:14:14:40 +0900] "POST /jsp_250312/chapter10A/capitalForm.jsp HTTP/1.1" 500 3625
0:0:0:0:0:0:0:1 - - [17/Mar/2025:14:15:54 +0900] "GET /jsp_250312/chapter10A/capital.html HTTP/1.1" 304 -
0:0:0:0:0:0:0:1 - - [17/Mar/2025:14:16:05 +0900] "POST /jsp_250312/chapter10A/capitalForm.jsp HTTP/1.1" 500 3591
0:0:0:0:0:0:0:1 - - [17/Mar/2025:14:16:05 +0900] "POST /jsp_250312/chapter10A/capitalForm.jsp HTTP/1.1" 500 2399
0:0:0:0:0:0:0:1 - - [17/Mar/2025:14:16:06 +0900] "POST /jsp_250312/chapter10A/capitalForm.jsp HTTP/1.1" 500 2399
0:0:0:0:0:0:0:1 - - [17/Mar/2025:14:16:10 +0900] "POST /jsp_250312/chapter10A/capitalForm.jsp HTTP/1.1" 500 3683
0:0:0:0:0:0:0:1 - - [17/Mar/2025:14:16:11 +0900] "POST /jsp_250312/chapter10A/capitalForm.jsp HTTP/1.1" 500 3683
127.0.0.1 - - [17/Mar/2025:14:16:57 +0900] "GET / HTTP/1.1" 404 808
0:0:0:0:0:0:0:1 - - [17/Mar/2025:14:16:57 +0900] "GET /jsp_250312/chapter10A/capital.html HTTP/1.1" 304 -
0:0:0:0:0:0:0:1 - - [17/Mar/2025:14:17:12 +0900] "POST /jsp_250312/chapter10A/capitalForm.jsp HTTP/1.1" 500 3673
127.0.0.1 - - [17/Mar/2025:14:17:53 +0900] "GET / HTTP/1.1" 404 808
0:0:0:0:0:0:0:1 - - [17/Mar/2025:14:17:54 +0900] "GET /jsp_250312/chapter10A/capital.html HTTP/1.1" 304 -
0:0:0:0:0:0:0:1 - - [17/Mar/2025:14:17:57 +0900] "POST /jsp_250312/chapter10A/capitalForm.jsp HTTP/1.1" 200 109
127.0.0.1 - - [17/Mar/2025:14:18:42 +0900] "GET / HTTP/1.1" 404 808
0:0:0:0:0:0:0:1 - - [17/Mar/2025:14:18:42 +0900] "GET /jsp_250312/chapter10A/capital.html HTTP/1.1" 304 -
0:0:0:0:0:0:0:1 - - [17/Mar/2025:14:18:47 +0900] "POST /jsp_250312/chapter10A/capitalForm.jsp HTTP/1.1" 200 109
127.0.0.1 - - [17/Mar/2025:14:36:09 +0900] "GET / HTTP/1.1" 404 808
0:0:0:0:0:0:0:1 - - [17/Mar/2025:14:36:09 +0900] "GET /jsp_250312/chapter10A/money.html HTTP/1.1" 200 349
127.0.0.1 - - [17/Mar/2025:14:37:10 +0900] "GET / HTTP/1.1" 404 808
0:0:0:0:0:0:0:1 - - [17/Mar/2025:14:37:42 +0900] "GET /jsp_250312/chapter10A/money.html HTTP/1.1" 304 -
127.0.0.1 - - [17/Mar/2025:14:39:38 +0900] "GET / HTTP/1.1" 404 808
0:0:0:0:0:0:0:1 - - [17/Mar/2025:14:39:38 +0900] "GET /jsp_250312/chapter10A/money.html HTTP/1.1" 304 -
127.0.0.1 - - [17/Mar/2025:14:40:46 +0900] "GET / HTTP/1.1" 404 808
127.0.0.1 - - [17/Mar/2025:15:04:38 +0900] "GET / HTTP/1.1" 404 808
0:0:0:0:0:0:0:1 - - [17/Mar/2025:15:04:38 +0900] "GET /jsp_250312/chapter10A/array3.html HTTP/1.1" 200 290
0:0:0:0:0:0:0:1 - - [17/Mar/2025:15:04:42 +0900] "POST /jsp_250312/chapter10A/array3Form.jsp HTTP/1.1" 200 121
0:0:0:0:0:0:0:1 - - [17/Mar/2025:15:08:07 +0900] "GET /jsp_250312/chapter10A/array3.html HTTP/1.1" 304 -
0:0:0:0:0:0:0:1 - - [17/Mar/2025:15:08:10 +0900] "POST /jsp_250312/chapter10A/array3Form.jsp HTTP/1.1" 200 124
127.0.0.1 - - [17/Mar/2025:15:08:52 +0900] "GET / HTTP/1.1" 404 808
0:0:0:0:0:0:0:1 - - [17/Mar/2025:15:08:55 +0900] "POST /jsp_250312/chapter10A/array3Form.jsp HTTP/1.1" 200 149
0:0:0:0:0:0:0:1 - - [17/Mar/2025:15:10:52 +0900] "GET /jsp_250312/chapter10A/money.html HTTP/1.1" 304 -
127.0.0.1 - - [17/Mar/2025:15:23:42 +0900] "GET / HTTP/1.1" 404 808
0:0:0:0:0:0:0:1 - - [17/Mar/2025:15:23:42 +0900] "GET /jsp_250312/chapter10A/twoArray.html HTTP/1.1" 200 359
0:0:0:0:0:0:0:1 - - [17/Mar/2025:15:23:45 +0900] "POST /jsp_250312/chapter10A/twoArrayForm.jsp HTTP/1.1" 200 349
0:0:0:0:0:0:0:1 - - [17/Mar/2025:15:26:54 +0900] "GET /jsp_250312/chapter10A/twoArray.html HTTP/1.1" 304 -
0:0:0:0:0:0:0:1 - - [17/Mar/2025:15:26:57 +0900] "POST /jsp_250312/chapter10A/twoArrayForm.jsp HTTP/1.1" 200 349
0:0:0:0:0:0:0:1 - - [17/Mar/2025:15:27:57 +0900] "GET /jsp_250312/chapter10A/money.html HTTP/1.1" 304 -
127.0.0.1 - - [17/Mar/2025:15:29:15 +0900] "GET / HTTP/1.1" 404 808
127.0.0.1 - - [17/Mar/2025:15:32:34 +0900] "GET / HTTP/1.1" 404 808
127.0.0.1 - - [17/Mar/2025:15:33:56 +0900] "GET / HTTP/1.1" 404 808
0:0:0:0:0:0:0:1 - - [17/Mar/2025:15:34:29 +0900] "GET /jsp_250312/chapter10A/money.html HTTP/1.1" 200 276
0:0:0:0:0:0:0:1 - - [17/Mar/2025:15:34:33 +0900] "POST /jsp_250312/chapter10A/moneyForm.jsp HTTP/1.1" 200 307
0:0:0:0:0:0:0:1 - - [17/Mar/2025:15:35:21 +0900] "GET /jsp_250312/chapter10A/money.html HTTP/1.1" 304 -
0:0:0:0:0:0:0:1 - - [17/Mar/2025:15:35:30 +0900] "POST /jsp_250312/chapter10A/moneyForm.jsp HTTP/1.1" 200 397
0:0:0:0:0:0:0:1 - - [17/Mar/2025:16:36:07 +0900] "GET /jsp_250312/chapter11/connectionOracle.jsp HTTP/1.1" 500 3945
0:0:0:0:0:0:0:1 - - [17/Mar/2025:16:40:37 +0900] "GET /jsp_250312/chapter11/connectionOracle.jsp HTTP/1.1" 500 3945
127.0.0.1 - - [17/Mar/2025:16:41:19 +0900] "GET / HTTP/1.1" 404 808
0:0:0:0:0:0:0:1 - - [17/Mar/2025:16:41:20 +0900] "GET /jsp_250312/chapter11/connectionOracle.jsp HTTP/1.1" 200 186
0:0:0:0:0:0:0:1 - - [17/Mar/2025:16:51:17 +0900] "GET /jsp_250312/chapter11/connectionMySql.jsp HTTP/1.1" 200 191
0:0:0:0:0:0:0:1 - - [17/Mar/2025:17:03:54 +0900] "GET /jsp_250312/chapter11/connectionMySql.jsp HTTP/1.1" 500 3829
0:0:0:0:0:0:0:1 - - [17/Mar/2025:17:06:08 +0900] "GET /jsp_250312/chapter11/connectionMySql.jsp HTTP/1.1" 500 3829
0:0:0:0:0:0:0:1 - - [17/Mar/2025:17:08:25 +0900] "GET /jsp_250312/chapter11/connectionMySql.jsp HTTP/1.1" 500 3807
127.0.0.1 - - [17/Mar/2025:17:09:20 +0900] "GET / HTTP/1.1" 404 808
0:0:0:0:0:0:0:1 - - [17/Mar/2025:17:09:21 +0900] "GET /jsp_250312/chapter11/connectionMySql.jsp HTTP/1.1" 200 191
0:0:0:0:0:0:0:1 - - [17/Mar/2025:17:09:50 +0900] "GET /jsp_250312/chapter11/connectionMySql.jsp HTTP/1.1" 200 191
127.0.0.1 - - [17/Mar/2025:17:10:24 +0900] "GET / HTTP/1.1" 404 808
0:0:0:0:0:0:0:1 - - [17/Mar/2025:17:10:25 +0900] "GET /jsp_250312/chapter11/connectionMySql.jsp HTTP/1.1" 200 191
0:0:0:0:0:0:0:1 - - [17/Mar/2025:17:11:09 +0900] "GET /jsp_250312/chapter11/connectionMySql.jsp HTTP/1.1" 200 191
127.0.0.1 - - [17/Mar/2025:17:34:15 +0900] "GET / HTTP/1.1" 404 808
0:0:0:0:0:0:0:1 - - [17/Mar/2025:17:34:16 +0900] "GET /jsp_250312/chapter11/viewMemberOracle.jsp HTTP/1.1" 500 2537
0:0:0:0:0:0:0:1 - - [17/Mar/2025:17:35:34 +0900] "GET /jsp_250312/chapter11/viewMemberOracle.jsp HTTP/1.1" 500 2537
127.0.0.1 - - [17/Mar/2025:17:35:45 +0900] "GET / HTTP/1.1" 404 808
0:0:0:0:0:0:0:1 - - [17/Mar/2025:17:35:45 +0900] "GET /jsp_250312/chapter11/viewMemberOracle.jsp HTTP/1.1" 500 2527
0:0:0:0:0:0:0:1 - - [17/Mar/2025:17:40:50 +0900] "GET /jsp_250312/chapter11/viewMemberOracle.jsp HTTP/1.1" 500 2537
0:0:0:0:0:0:0:1 - - [17/Mar/2025:17:41:16 +0900] "GET /jsp_250312/chapter11/viewMemberOracle.jsp HTTP/1.1" 200 1187
0:0:0:0:0:0:0:1 - - [17/Mar/2025:17:41:41 +0900] "GET /jsp_250312/chapter11/viewMemberOracle.jsp HTTP/1.1" 200 1187
0:0:0:0:0:0:0:1 - - [17/Mar/2025:17:43:28 +0900] "GET /jsp_250312/chapter11/viewMemberOracle.jsp HTTP/1.1" 200 1181
127.0.0.1 - - [17/Mar/2025:17:43:54 +0900] "GET / HTTP/1.1" 404 808
0:0:0:0:0:0:0:1 - - [17/Mar/2025:17:43:54 +0900] "GET /jsp_250312/chapter11/viewMemberOracle.jsp HTTP/1.1" 200 1181
